// Jest Snapshot v1, https://goo.gl/fbAQLP

exports[`ProductItem отображает товары, список которых приходит с сервера, когда товар 1 1`] = `
<div>
  <div
    class="ProductItem card w-100 mb-4"
    data-testid="1"
  >
    <img
      class="Image card-img-top"
      src="data:image/png;base64,iVBORw0KGgoAAAANSUhEUgAAAAEAAAABCAQAAAC1HAwCAAAAC0lEQVR42mNkMAYAADkANVKH3ScAAAAASUVORK5CYII="
    />
    <div
      class="card-body"
    >
      <h5
        class="ProductItem-Name card-title"
      >
        Товар 1
      </h5>
      <p
        class="ProductItem-Price card-text"
      >
        $
        100
      </p>
      <a
        class="ProductItem-DetailsLink card-link"
        href="/hw/store/catalog/1"
      >
        Details
      </a>
    </div>
  </div>
</div>
`;
